{"status":"ok","errors":[],"ast":{"@type":"FILE_XXX_FILE","XXXOrigType":"FILE","startOffset":0,"endOffset":69,"children":[{"@type":"function-def-element_XXX_function-def-element","XXXOrigType":"function-def-element","startOffset":21,"endOffset":49,"children":[{"@type":"function_XXX_[Bash] function","XXXOrigType":"[Bash] function","@token":"function","startOffset":21,"endOffset":29,"children":[]},{"@type":"named_symbol_XXX_[Bash] named symbol","XXXOrigType":"[Bash] named symbol","startOffset":30,"endOffset":33,"children":[{"@type":"word_XXX_[Bash] word","XXXOrigType":"[Bash] word","@token":"say","startOffset":30,"endOffset":33,"children":[]}]},{"@type":"group_element_XXX_group element","XXXOrigType":"group element","startOffset":34,"endOffset":49,"children":[{"@type":"simple-command_XXX_simple-command","XXXOrigType":"simple-command","startOffset":40,"endOffset":47,"children":[{"@type":"generic_bash_command_XXX_[Bash] generic bash command","XXXOrigType":"[Bash] generic bash command","startOffset":40,"endOffset":44,"children":[{"@type":"combined_word_XXX_[Bash] combined word","XXXOrigType":"[Bash] combined word","startOffset":40,"endOffset":44,"children":[{"@type":"word_XXX_[Bash] word","XXXOrigType":"[Bash] word","@token":"echo","startOffset":40,"endOffset":44,"children":[]}]}]},{"@type":"combined_word_XXX_[Bash] combined word","XXXOrigType":"[Bash] combined word","startOffset":45,"endOffset":47,"children":[{"@type":"var-use-element_XXX_var-use-element","XXXOrigType":"var-use-element","startOffset":45,"endOffset":47,"children":[{"@type":"variable_XXX_[Bash] variable","XXXOrigType":"[Bash] variable","@token":"$1","startOffset":45,"endOffset":47,"children":[]}]}]}]}]}]},{"@type":"simple-command_XXX_simple-command","XXXOrigType":"simple-command","startOffset":51,"endOffset":68,"children":[{"@type":"generic_bash_command_XXX_[Bash] generic bash command","XXXOrigType":"[Bash] generic bash command","startOffset":51,"endOffset":54,"children":[{"@type":"combined_word_XXX_[Bash] combined word","XXXOrigType":"[Bash] combined word","startOffset":51,"endOffset":54,"children":[{"@type":"word_XXX_[Bash] word","XXXOrigType":"[Bash] word","@token":"say","startOffset":51,"endOffset":54,"children":[]}]}]},{"@type":"string_XXX_[Bash] string","XXXOrigType":"[Bash] string","@token":"\"hello world\"","startOffset":55,"endOffset":68,"children":[{"@type":"string_content_XXX_[Bash] string content","XXXOrigType":"[Bash] string content","@token":"hello world","startOffset":56,"endOffset":67,"children":[]}]}]}]}}
